[line 0] compile error: A class can't inherit from itself.
