[line 1] compile error: A class can't inherit from itself.
