[line 0] compile error: Can't return from top-level code.
