Runtime error: Expect both operands to be either numbers or strings.
[line 0] in <script>
