Runtime error: Expect both operands to be numbers.
[line 0] in <script>
