Runtime error: Expect operand to be a number value.
[line 0] in <script>
