[line 1] compile error: Already a variable with this name in this scope.
[line 3] compile error: Error while parsing function.
[line 4] compile error: Expect expression.
