Runtime error: Undefined variable 'notDefined'.
[line 0] in <script>
