Runtime error: Expected 0 arguments but got 3.
[line 2] in <script>
