Runtime error: Expected 0 arguments but got 4.
[line 7] in <script>
