Runtime error: Expected 0 arguments but got 1.
[line 4] in <script>
