[line 2] compile error: Can't return a value from an initializer.
[line 3] compile error: Error while parsing function.
[line 4] compile error: Expect expression.
