Runtime error: Undefined variable 'err'.
[line 6] in <script>
