[line 2] compile error: Expect expression.
[line 2] compile error: Expect ';' after expression.
