[line 2] compile error: Expect '{' before function boyd.
[line 3] compile error: Error while parsing function.
