[line 259] compile error: Can't have more than 255 parameters.
[line 261] compile error: Expect expression.
