Runtime error: Can only call functions and classes
[line 5] in <script>
