Runtime error: Undefined property 'bar'.
[line 3] in <script>
