[line 51] compile error: Too many local variables in function.
[line 52] compile error: Error while parsing function.
[line 53] compile error: Expect expression.
