Runtime error: Expected 2 arguments but got 4.
[line 9] in foo
[line 13] in <script>
