[line 0] compile error: Can't use 'super' outside of a class.
