[line 1] compile error: Expect property name after '.'.
