Hello, Shine
Hello, John
Hello, Shine
Hello, John
