<Class Person>
<Instance Person.class>
Jane
Hello, world!
Hello, world!
Hello, my name is Jane
Hello, my name is Jane
