<Class Person>
<Instance Person.class>
Hello, Shine
