Runtime error: Expected 0 arguments but got 2.
[line 9] in c
[line 5] in b
[line 1] in a
[line 12] in <script>
