<Instance Outer.class>
<Instance Outer.class>
<Instance Inner.class>
