[line 0] compile error: Can't use 'this' outside of a class.
