Runtime error: Superclass must be a class
[line 1] in <script>
