Runtime error: Expected 2 arguments but got 4.
[line 7] in <script>
