Runtime error: Expected 2 arguments but got 1.
[line 4] in <script>
