Runtime error: Undefined variable 'method'.
[line 2] in method
[line 6] in <script>
