[line 258] compile error: Can't have more than 255 arguments.
[line 260] compile error: Expect expression.
