[line 257] compile error: Can't have more than 255 parameters.
[line 259] compile error: Error while parsing function.
