Runtime error: Can only call functions and classes
[line 0] in <script>
