Runtime error: Can only call functions and classes
[line 3] in <script>
