[line 2] compile error: Invalid assignment target.
