[line 1] compile error: Invalid assignment target.
