[line 2] compile error: Invalid assignment target.
[line 3] compile error: Error while parsing function.
[line 4] compile error: Expect expression.
