Runtime error: Undefined variable 'unknown'.
[line 0] in <script>
